[Tue May 14 14:04:26.054040 2019] [ssl:warn] [pid 8469] AH01882: Init: this version of mod_ssl was compiled against a newer library (OpenSSL 1.0.2r  26 Feb 2019, version currently loaded is OpenSSL 1.0.2q  20 Nov 2018) - may result in undefined or erroneous behavior
[Tue May 14 14:04:26.054382 2019] [ssl:warn] [pid 8469] AH01909: localhost:443:0 server certificate does NOT include an ID which matches the server name
[Tue May 14 14:04:26.060647 2019] [mpm_prefork:notice] [pid 8469] AH00163: Apache/2.4.39 (Unix) OpenSSL/1.0.2q PHP/7.2.16 configured -- resuming normal operations
[Tue May 14 14:04:26.060672 2019] [core:notice] [pid 8469] AH00094: Command line: '/opt/wordpress/apache2/bin/httpd.bin -f /opt/wordpress/apache2/conf/httpd.conf'
[Tue May 14 14:04:37.388464 2019] [php7:error] [pid 8476] [client ::1:38792] PHP Recoverable fatal error:  Object of class WP_Error could not be converted to string in /opt/wordpress/apps/wordpress/htdocs/wp-content/plugins/loginizer/init.php on line 607, referer: http://localhost/wordpress/
[Tue May 14 14:05:42.737995 2019] [php7:error] [pid 8473] [client ::1:39090] PHP Recoverable fatal error:  Object of class WP_Error could not be converted to string in /opt/wordpress/apps/wordpress/htdocs/wp-content/plugins/loginizer/init.php on line 607, referer: http://localhost/wordpress/
[Tue May 14 14:06:08.604183 2019] [php7:error] [pid 8473] [client ::1:39138] PHP Recoverable fatal error:  Object of class WP_Error could not be converted to string in /opt/wordpress/apps/wordpress/htdocs/wp-content/plugins/loginizer/init.php on line 607, referer: http://localhost/wordpress/
[Tue May 14 14:09:19.789832 2019] [php7:error] [pid 8475] [client ::1:39498] PHP Recoverable fatal error:  Object of class WP_Error could not be converted to string in /opt/wordpress/apps/wordpress/htdocs/wp-content/plugins/loginizer/init.php on line 607, referer: http://localhost/wordpress/
[Tue May 14 14:09:36.105766 2019] [php7:error] [pid 8478] [client ::1:39600] PHP Recoverable fatal error:  Object of class WP_Error could not be converted to string in /opt/wordpress/apps/wordpress/htdocs/wp-content/plugins/loginizer/init.php on line 607, referer: http://localhost/wordpress/edition-du-site/
[Tue May 14 14:09:49.261711 2019] [php7:error] [pid 8478] [client ::1:39648] PHP Recoverable fatal error:  Object of class WP_Error could not be converted to string in /opt/wordpress/apps/wordpress/htdocs/wp-content/plugins/loginizer/init.php on line 607, referer: http://localhost/wordpress/edition-du-site/
[Tue May 14 14:11:31.231626 2019] [php7:error] [pid 8476] [client ::1:39728] PHP Recoverable fatal error:  Object of class WP_Error could not be converted to string in /opt/wordpress/apps/wordpress/htdocs/wp-content/plugins/loginizer/init.php on line 607, referer: http://localhost/wordpress/edition-du-site/
[Tue May 14 14:12:03.361399 2019] [php7:error] [pid 8478] [client ::1:39792] PHP Recoverable fatal error:  Object of class WP_Error could not be converted to string in /opt/wordpress/apps/wordpress/htdocs/wp-content/plugins/loginizer/init.php on line 607, referer: http://localhost/wordpress/
[Tue May 14 14:14:40.099750 2019] [php7:error] [pid 8478] [client ::1:39834] PHP Recoverable fatal error:  Object of class WP_Error could not be converted to string in /opt/wordpress/apps/wordpress/htdocs/wp-content/plugins/loginizer/init.php on line 607, referer: http://localhost/wordpress/
[Tue May 14 14:14:46.896368 2019] [php7:error] [pid 8481] [client ::1:39880] PHP Recoverable fatal error:  Object of class WP_Error could not be converted to string in /opt/wordpress/apps/wordpress/htdocs/wp-content/plugins/loginizer/init.php on line 607, referer: http://localhost/wordpress/
[Tue May 14 14:17:13.879643 2019] [php7:error] [pid 8476] [client ::1:40208] PHP Recoverable fatal error:  Object of class WP_Error could not be converted to string in /opt/wordpress/apps/wordpress/htdocs/wp-content/plugins/loginizer/init.php on line 607, referer: http://localhost/wordpress/
[Tue May 14 14:17:48.782027 2019] [php7:error] [pid 8472] [client ::1:40384] PHP Recoverable fatal error:  Object of class WP_Error could not be converted to string in /opt/wordpress/apps/wordpress/htdocs/wp-content/plugins/loginizer/init.php on line 607, referer: http://localhost/wordpress/
[Tue May 14 14:18:31.517603 2019] [php7:error] [pid 8617] [client ::1:40446] PHP Recoverable fatal error:  Object of class WP_Error could not be converted to string in /opt/wordpress/apps/wordpress/htdocs/wp-content/plugins/loginizer/init.php on line 607, referer: http://localhost/wordpress/
[Tue May 14 14:21:03.972241 2019] [php7:error] [pid 8480] [client ::1:40610] PHP Recoverable fatal error:  Object of class WP_Error could not be converted to string in /opt/wordpress/apps/wordpress/htdocs/wp-content/plugins/loginizer/init.php on line 607, referer: http://localhost/wordpress/
[Tue May 14 14:24:13.230750 2019] [php7:error] [pid 8617] [client ::1:40740] PHP Recoverable fatal error:  Object of class WP_Error could not be converted to string in /opt/wordpress/apps/wordpress/htdocs/wp-content/plugins/loginizer/init.php on line 607, referer: http://localhost/wordpress/wp-login.php
sh: 1: /usr/bin/sendmail: not found
[Tue May 14 14:26:14.265952 2019] [php7:error] [pid 8617] [client ::1:40842] PHP Recoverable fatal error:  Object of class WP_Error could not be converted to string in /opt/wordpress/apps/wordpress/htdocs/wp-content/plugins/loginizer/init.php on line 607, referer: http://localhost/wordpress/wp-login.php
[Tue May 14 14:27:23.281170 2019] [php7:error] [pid 8472] [client ::1:40876] script '/opt/wordpress/apache2/htdocs/wp-login.php' not found or unable to stat
[Tue May 14 14:27:45.443659 2019] [php7:error] [pid 8476] [client ::1:40902] PHP Recoverable fatal error:  Object of class WP_Error could not be converted to string in /opt/wordpress/apps/wordpress/htdocs/wp-content/plugins/loginizer/init.php on line 607, referer: http://localhost/wordpress/wp-login.php
[Tue May 14 14:32:31.626095 2019] [php7:error] [pid 8473] [client ::1:41162] PHP Recoverable fatal error:  Object of class WP_Error could not be converted to string in /opt/wordpress/apps/wordpress/htdocs/wp-content/plugins/loginizer/init.php on line 607, referer: http://localhost/wordpress/wp-login.php
[Tue May 14 14:33:39.175952 2019] [php7:error] [pid 8473] [client ::1:41266] PHP Recoverable fatal error:  Object of class WP_Error could not be converted to string in /opt/wordpress/apps/wordpress/htdocs/wp-content/plugins/loginizer/init.php on line 607, referer: http://localhost/wordpress/
[Tue May 14 14:33:58.686747 2019] [php7:error] [pid 9083] [client ::1:41370] PHP Recoverable fatal error:  Object of class WP_Error could not be converted to string in /opt/wordpress/apps/wordpress/htdocs/wp-content/plugins/loginizer/init.php on line 607, referer: http://localhost/wordpress/2019/04/29/le-master-iwocs/
[Tue May 14 14:34:14.669171 2019] [php7:error] [pid 8473] [client ::1:41402] PHP Recoverable fatal error:  Object of class WP_Error could not be converted to string in /opt/wordpress/apps/wordpress/htdocs/wp-content/plugins/loginizer/init.php on line 607, referer: http://localhost/wordpress/2019/04/29/le-master-iwocs/
[Tue May 14 14:35:23.710427 2019] [php7:error] [pid 9156] [client ::1:41732] PHP Recoverable fatal error:  Object of class WP_Error could not be converted to string in /opt/wordpress/apps/wordpress/htdocs/wp-content/plugins/loginizer/init.php on line 607, referer: http://localhost/wordpress/
[Tue May 14 14:35:45.247921 2019] [php7:error] [pid 9083] [client ::1:41854] PHP Recoverable fatal error:  Object of class WP_Error could not be converted to string in /opt/wordpress/apps/wordpress/htdocs/wp-content/plugins/loginizer/init.php on line 607, referer: http://localhost/wordpress/edition-du-site/
[Tue May 14 14:36:07.526728 2019] [php7:error] [pid 9193] [client ::1:42034] PHP Recoverable fatal error:  Object of class WP_Error could not be converted to string in /opt/wordpress/apps/wordpress/htdocs/wp-content/plugins/loginizer/init.php on line 607, referer: http://localhost/wordpress/?s=login
[Tue May 14 14:36:24.408608 2019] [php7:error] [pid 8473] [client ::1:42166] PHP Recoverable fatal error:  Object of class WP_Error could not be converted to string in /opt/wordpress/apps/wordpress/htdocs/wp-content/plugins/loginizer/init.php on line 607, referer: http://localhost/wordpress/
[Tue May 14 14:38:54.550674 2019] [php7:error] [pid 9147] [client ::1:42318] PHP Recoverable fatal error:  Object of class WP_Error could not be converted to string in /opt/wordpress/apps/wordpress/htdocs/wp-content/plugins/loginizer/init.php on line 607, referer: http://localhost/wordpress/
[Tue May 14 14:44:19.426015 2019] [php7:notice] [pid 9122] [client ::1:42366] PHP Notice:  Undefined offset: 1 in /opt/wordpress/apps/wordpress/htdocs/wp-content/plugins/ldap-login-password-and-role-manager/ldap_login_password_and_role_manager.php on line 101
[Tue May 14 14:44:19.650230 2019] [php7:notice] [pid 9170] [client ::1:42368] PHP Notice:  Undefined offset: 1 in /opt/wordpress/apps/wordpress/htdocs/wp-content/plugins/ldap-login-password-and-role-manager/ldap_login_password_and_role_manager.php on line 101, referer: http://localhost/wordpress/wp-cron.php?doing_wp_cron=1557837859.5720729827880859375000
[Tue May 14 14:44:20.191331 2019] [php7:notice] [pid 9122] [client ::1:42366] PHP Notice:  Undefined index: ldap_login_password_and_role_manager_password_is_expired in /opt/wordpress/apps/wordpress/htdocs/wp-content/plugins/ldap-login-password-and-role-manager/ldap_login_password_and_role_manager.php on line 522
[Tue May 14 14:44:20.191360 2019] [php7:notice] [pid 9122] [client ::1:42366] PHP Notice:  Undefined variable: html in /opt/wordpress/apps/wordpress/htdocs/wp-content/plugins/ldap-login-password-and-role-manager/ldap_login_password_and_role_manager.php on line 582
[Tue May 14 14:44:20.807235 2019] [php7:notice] [pid 9183] [client ::1:42378] PHP Notice:  Undefined offset: 1 in /opt/wordpress/apps/wordpress/htdocs/wp-content/plugins/ldap-login-password-and-role-manager/ldap_login_password_and_role_manager.php on line 101, referer: http://localhost/wordpress/
[Tue May 14 14:44:21.389986 2019] [php7:notice] [pid 8472] [client ::1:42394] PHP Notice:  Undefined offset: 1 in /opt/wordpress/apps/wordpress/htdocs/wp-content/plugins/ldap-login-password-and-role-manager/ldap_login_password_and_role_manager.php on line 101, referer: http://localhost/wordpress/wp-cron.php?doing_wp_cron=1557837861.3279719352722167968750
[Tue May 14 14:48:28.366291 2019] [php7:notice] [pid 8472] [client ::1:42414] PHP Notice:  Undefined index: log in /opt/wordpress/apps/wordpress/htdocs/wp-content/plugins/pagerestrict/pagerestrict.php on line 177, referer: http://localhost/wordpress/
[Tue May 14 14:50:05.323785 2019] [php7:notice] [pid 9114] [client ::1:42496] Post ID 633 is not supported by WPGHS. See wiki to find out how to add support., referer: http://localhost/wordpress/wp-admin/edit.php?post_type=page
[Tue May 14 14:50:14.172342 2019] [php7:notice] [pid 9531] [client ::1:42612] Post ID 634 is not supported by WPGHS. See wiki to find out how to add support., referer: http://localhost/wordpress/wp-admin/edit.php?post_type=page
[Tue May 14 14:52:32.895034 2019] [php7:notice] [pid 9528] [client ::1:43004] Post ID 635 is not supported by WPGHS. See wiki to find out how to add support., referer: http://localhost/wordpress/wp-admin/edit.php?post_type=page
[Tue May 14 14:52:47.831824 2019] [php7:notice] [pid 9533] [client ::1:43076] PHP Notice:  Undefined index: widgets in /opt/wordpress/apps/wordpress/htdocs/wp-content/plugins/siteorigin-panels/inc/admin.php on line 229, referer: http://localhost/wordpress/wp-admin/post-new.php?post_type=page
[Tue May 14 14:52:48.012416 2019] [php7:notice] [pid 9533] [client ::1:43076] Post ID 636 is not supported by WPGHS. See wiki to find out how to add support., referer: http://localhost/wordpress/wp-admin/post-new.php?post_type=page
[Tue May 14 14:52:48.755810 2019] [php7:notice] [pid 9533] [client ::1:43076] PHP Notice:  Undefined index: widgets in /opt/wordpress/apps/wordpress/htdocs/wp-content/plugins/siteorigin-panels/inc/admin.php on line 229, referer: http://localhost/wordpress/wp-admin/post-new.php?post_type=page
[Tue May 14 14:52:48.916499 2019] [php7:notice] [pid 9533] [client ::1:43076] Post ID 637 is not supported by WPGHS. See wiki to find out how to add support., referer: http://localhost/wordpress/wp-admin/post-new.php?post_type=page
[Tue May 14 14:52:48.923173 2019] [php7:notice] [pid 9533] [client ::1:43076] PHP Notice:  Undefined index: widgets in /opt/wordpress/apps/wordpress/htdocs/wp-content/plugins/siteorigin-panels/inc/admin.php on line 229, referer: http://localhost/wordpress/wp-admin/post-new.php?post_type=page
[Tue May 14 14:52:49.062485 2019] [php7:notice] [pid 9533] [client ::1:43076] WordPress-GitHub-Sync needs a repository. Please update your settings., referer: http://localhost/wordpress/wp-admin/post-new.php?post_type=page
[Tue May 14 14:54:42.499953 2019] [php7:notice] [pid 9147] [client ::1:43404] PHP Notice:  Undefined index: log in /opt/wordpress/apps/wordpress/htdocs/wp-content/plugins/pagerestrict/pagerestrict.php on line 177, referer: http://localhost/wordpress/
[Tue May 14 14:54:54.012116 2019] [php7:notice] [pid 9603] [client ::1:43422] PHP Notice:  Undefined index: log in /opt/wordpress/apps/wordpress/htdocs/wp-content/plugins/pagerestrict/pagerestrict.php on line 177, referer: http://localhost/wordpress/
[Tue May 14 14:55:03.542765 2019] [php7:notice] [pid 9613] [client ::1:43442] PHP Notice:  Array to string conversion in /opt/wordpress/apps/wordpress/htdocs/wp-includes/formatting.php on line 1111, referer: http://localhost/wordpress/
[Tue May 14 14:56:08.451686 2019] [php7:notice] [pid 9603] [client ::1:43464] Post ID 563 is not supported by WPGHS. See wiki to find out how to add support., referer: http://localhost/wordpress/wp-admin/customize.php?url=http%3A%2F%2Flocalhost%2Fwordpress%2F
[Tue May 14 14:56:09.323885 2019] [php7:notice] [pid 9603] [client ::1:43464] Post ID 565 is not supported by WPGHS. See wiki to find out how to add support., referer: http://localhost/wordpress/wp-admin/customize.php?url=http%3A%2F%2Flocalhost%2Fwordpress%2F
[Tue May 14 14:56:10.147779 2019] [php7:notice] [pid 9603] [client ::1:43464] Post ID 567 is not supported by WPGHS. See wiki to find out how to add support., referer: http://localhost/wordpress/wp-admin/customize.php?url=http%3A%2F%2Flocalhost%2Fwordpress%2F
[Tue May 14 14:56:10.916662 2019] [php7:notice] [pid 9603] [client ::1:43464] Post ID 569 is not supported by WPGHS. See wiki to find out how to add support., referer: http://localhost/wordpress/wp-admin/customize.php?url=http%3A%2F%2Flocalhost%2Fwordpress%2F
[Tue May 14 14:56:11.664935 2019] [php7:notice] [pid 9603] [client ::1:43464] Post ID 574 is not supported by WPGHS. See wiki to find out how to add support., referer: http://localhost/wordpress/wp-admin/customize.php?url=http%3A%2F%2Flocalhost%2Fwordpress%2F
[Tue May 14 14:56:12.563164 2019] [php7:notice] [pid 9603] [client ::1:43464] Post ID 576 is not supported by WPGHS. See wiki to find out how to add support., referer: http://localhost/wordpress/wp-admin/customize.php?url=http%3A%2F%2Flocalhost%2Fwordpress%2F
[Tue May 14 14:56:13.408051 2019] [php7:notice] [pid 9603] [client ::1:43464] Post ID 578 is not supported by WPGHS. See wiki to find out how to add support., referer: http://localhost/wordpress/wp-admin/customize.php?url=http%3A%2F%2Flocalhost%2Fwordpress%2F
[Tue May 14 14:56:14.246395 2019] [php7:notice] [pid 9603] [client ::1:43464] Post ID 580 is not supported by WPGHS. See wiki to find out how to add support., referer: http://localhost/wordpress/wp-admin/customize.php?url=http%3A%2F%2Flocalhost%2Fwordpress%2F
[Tue May 14 14:56:15.018804 2019] [php7:notice] [pid 9603] [client ::1:43464] Post ID 582 is not supported by WPGHS. See wiki to find out how to add support., referer: http://localhost/wordpress/wp-admin/customize.php?url=http%3A%2F%2Flocalhost%2Fwordpress%2F
[Tue May 14 14:56:15.876415 2019] [php7:notice] [pid 9603] [client ::1:43464] Post ID 584 is not supported by WPGHS. See wiki to find out how to add support., referer: http://localhost/wordpress/wp-admin/customize.php?url=http%3A%2F%2Flocalhost%2Fwordpress%2F
[Tue May 14 14:56:16.692436 2019] [php7:notice] [pid 9603] [client ::1:43464] Post ID 586 is not supported by WPGHS. See wiki to find out how to add support., referer: http://localhost/wordpress/wp-admin/customize.php?url=http%3A%2F%2Flocalhost%2Fwordpress%2F
[Tue May 14 14:56:17.518978 2019] [php7:notice] [pid 9603] [client ::1:43464] Post ID 588 is not supported by WPGHS. See wiki to find out how to add support., referer: http://localhost/wordpress/wp-admin/customize.php?url=http%3A%2F%2Flocalhost%2Fwordpress%2F
[Tue May 14 14:56:18.358655 2019] [php7:notice] [pid 9603] [client ::1:43464] Post ID 593 is not supported by WPGHS. See wiki to find out how to add support., referer: http://localhost/wordpress/wp-admin/customize.php?url=http%3A%2F%2Flocalhost%2Fwordpress%2F
[Tue May 14 14:56:19.158967 2019] [php7:notice] [pid 9603] [client ::1:43464] Post ID 595 is not supported by WPGHS. See wiki to find out how to add support., referer: http://localhost/wordpress/wp-admin/customize.php?url=http%3A%2F%2Flocalhost%2Fwordpress%2F
[Tue May 14 14:56:19.866410 2019] [php7:notice] [pid 9603] [client ::1:43464] Post ID 597 is not supported by WPGHS. See wiki to find out how to add support., referer: http://localhost/wordpress/wp-admin/customize.php?url=http%3A%2F%2Flocalhost%2Fwordpress%2F
[Tue May 14 14:56:20.749706 2019] [php7:notice] [pid 9603] [client ::1:43464] Post ID 599 is not supported by WPGHS. See wiki to find out how to add support., referer: http://localhost/wordpress/wp-admin/customize.php?url=http%3A%2F%2Flocalhost%2Fwordpress%2F
[Tue May 14 14:56:21.173858 2019] [php7:notice] [pid 9603] [client ::1:43464] Post ID 638 is not supported by WPGHS. See wiki to find out how to add support., referer: http://localhost/wordpress/wp-admin/customize.php?url=http%3A%2F%2Flocalhost%2Fwordpress%2F
[Tue May 14 14:56:21.289005 2019] [php7:notice] [pid 9603] [client ::1:43464] Post ID 638 is not supported by WPGHS. See wiki to find out how to add support., referer: http://localhost/wordpress/wp-admin/customize.php?url=http%3A%2F%2Flocalhost%2Fwordpress%2F
[Tue May 14 14:57:23.413278 2019] [php7:notice] [pid 9613] [client ::1:43492] Post ID 636 is not supported by WPGHS. See wiki to find out how to add support., referer: http://localhost/wordpress/wp-admin/customize.php?url=http%3A%2F%2Flocalhost%2Fwordpress%2F
[Tue May 14 14:57:23.747348 2019] [php7:notice] [pid 9613] [client ::1:43492] Post ID 639 is not supported by WPGHS. See wiki to find out how to add support., referer: http://localhost/wordpress/wp-admin/customize.php?url=http%3A%2F%2Flocalhost%2Fwordpress%2F
[Tue May 14 14:57:23.888444 2019] [php7:notice] [pid 9613] [client ::1:43492] Post ID 639 is not supported by WPGHS. See wiki to find out how to add support., referer: http://localhost/wordpress/wp-admin/customize.php?url=http%3A%2F%2Flocalhost%2Fwordpress%2F
[Tue May 14 14:57:31.287273 2019] [php7:error] [pid 9531] [client ::1:43506] PHP Fatal error:  Uncaught Error: Call to a member function get_month() on null in /opt/wordpress/apps/wordpress/htdocs/wp-includes/media.php:3576\nStack trace:\n#0 /opt/wordpress/apps/wordpress/htdocs/wp-content/plugins/user-profile/user-profile.php(147): wp_enqueue_media()\n#1 /opt/wordpress/apps/wordpress/htdocs/wp-includes/class-wp-hook.php(286): UserProfile->front_scripts('')\n#2 /opt/wordpress/apps/wordpress/htdocs/wp-includes/class-wp-hook.php(310): WP_Hook->apply_filters(NULL, Array)\n#3 /opt/wordpress/apps/wordpress/htdocs/wp-includes/plugin.php(465): WP_Hook->do_action(Array)\n#4 /opt/wordpress/apps/wordpress/htdocs/wp-includes/script-loader.php(2537): do_action('wp_enqueue_scri...')\n#5 /opt/wordpress/apps/wordpress/htdocs/wp-includes/class-wp-customize-manager.php(455): wp_enqueue_scripts()\n#6 /opt/wordpress/apps/wordpress/htdocs/wp-includes/class-wp-customize-manager.php(552): WP_Customize_Manager->wp_die(0, 'Non-existent ch...')\n#7 /opt/wordpress/apps/wordpress/htdocs/wp-includes/class-wp-hook.php(286): WP_Customize_Man in /opt/wordpress/apps/wordpress/htdocs/wp-includes/media.php on line 3576, referer: http://localhost/wordpress/wp-admin/customize.php?url=http%3A%2F%2Flocalhost%2Fwordpress%2F
[Tue May 14 14:57:51.641898 2019] [php7:notice] [pid 9528] [client ::1:43546] PHP Notice:  login_headertitle est <strong>obsol\xc3\xa8te</strong> depuis la version 5.2.0\xc2\xa0! Utilisez login_headertext \xc3\xa0 la place. L\xe2\x80\x99utilisation de l\xe2\x80\x99attribut title sur le logo de connexion n\xe2\x80\x99est pas recommand\xc3\xa9e pour des raisons d\xe2\x80\x99accessibilit\xc3\xa9. Utilisez plut\xc3\xb4t le texte du lien. in /opt/wordpress/apps/wordpress/htdocs/wp-includes/functions.php on line 4711, referer: http://localhost/wordpress/
[Tue May 14 14:57:54.016352 2019] [php7:notice] [pid 9531] [client ::1:43554] PHP Notice:  Array to string conversion in /opt/wordpress/apps/wordpress/htdocs/wp-includes/formatting.php on line 1111, referer: http://localhost/wordpress/wp-login.php?redirect_to=http%3A%2F%2Flocalhost%2Fwordpress%2Fwp-admin%2Fcustomize.php%3Furl%3Dhttp%253A%252F%252Flocalhost%252Fwordpress%252F&reauth=1
[Tue May 14 15:01:59.405279 2019] [php7:warn] [pid 9623] [client ::1:43800] PHP Warning:  Use of undefined constant add_wp_sliding_login_form_css - assumed 'add_wp_sliding_login_form_css' (this will throw an Error in a future version of PHP) in /opt/wordpress/apps/wordpress/htdocs/wp-content/plugins/wp-sliding-logindashboard-panel/wp-sliding-login-dashboard-panel.php on line 239, referer: http://localhost/wordpress/wp-admin/plugin-install.php?s=+WP+Sliding+Login&tab=search&type=term
[Tue May 14 15:01:59.405311 2019] [php7:warn] [pid 9623] [client ::1:43800] PHP Warning:  Use of undefined constant add_jquery_js - assumed 'add_jquery_js' (this will throw an Error in a future version of PHP) in /opt/wordpress/apps/wordpress/htdocs/wp-content/plugins/wp-sliding-logindashboard-panel/wp-sliding-login-dashboard-panel.php on line 240, referer: http://localhost/wordpress/wp-admin/plugin-install.php?s=+WP+Sliding+Login&tab=search&type=term
[Tue May 14 15:01:59.405320 2019] [php7:warn] [pid 9623] [client ::1:43800] PHP Warning:  Use of undefined constant add_wp_sliding_login_form_pngfix_js - assumed 'add_wp_sliding_login_form_pngfix_js' (this will throw an Error in a future version of PHP) in /opt/wordpress/apps/wordpress/htdocs/wp-content/plugins/wp-sliding-logindashboard-panel/wp-sliding-login-dashboard-panel.php on line 241, referer: http://localhost/wordpress/wp-admin/plugin-install.php?s=+WP+Sliding+Login&tab=search&type=term
[Tue May 14 15:01:59.405326 2019] [php7:warn] [pid 9623] [client ::1:43800] PHP Warning:  Use of undefined constant add_wp_sliding_login_form_js - assumed 'add_wp_sliding_login_form_js' (this will throw an Error in a future version of PHP) in /opt/wordpress/apps/wordpress/htdocs/wp-content/plugins/wp-sliding-logindashboard-panel/wp-sliding-login-dashboard-panel.php on line 242, referer: http://localhost/wordpress/wp-admin/plugin-install.php?s=+WP+Sliding+Login&tab=search&type=term
[Tue May 14 15:01:59.405333 2019] [php7:warn] [pid 9623] [client ::1:43800] PHP Warning:  Use of undefined constant add_wp_sliding_login_form - assumed 'add_wp_sliding_login_form' (this will throw an Error in a future version of PHP) in /opt/wordpress/apps/wordpress/htdocs/wp-content/plugins/wp-sliding-logindashboard-panel/wp-sliding-login-dashboard-panel.php on line 243, referer: http://localhost/wordpress/wp-admin/plugin-install.php?s=+WP+Sliding+Login&tab=search&type=term
[Tue May 14 15:01:59.496114 2019] [php7:warn] [pid 9744] [client ::1:43804] PHP Warning:  Use of undefined constant add_wp_sliding_login_form_css - assumed 'add_wp_sliding_login_form_css' (this will throw an Error in a future version of PHP) in /opt/wordpress/apps/wordpress/htdocs/wp-content/plugins/wp-sliding-logindashboard-panel/wp-sliding-login-dashboard-panel.php on line 239, referer: http://localhost/wordpress/wp-admin/plugin-install.php?s=+WP+Sliding+Login&tab=search&type=term
[Tue May 14 15:01:59.496152 2019] [php7:warn] [pid 9744] [client ::1:43804] PHP Warning:  Use of undefined constant add_jquery_js - assumed 'add_jquery_js' (this will throw an Error in a future version of PHP) in /opt/wordpress/apps/wordpress/htdocs/wp-content/plugins/wp-sliding-logindashboard-panel/wp-sliding-login-dashboard-panel.php on line 240, referer: http://localhost/wordpress/wp-admin/plugin-install.php?s=+WP+Sliding+Login&tab=search&type=term
[Tue May 14 15:01:59.496168 2019] [php7:warn] [pid 9744] [client ::1:43804] PHP Warning:  Use of undefined constant add_wp_sliding_login_form_pngfix_js - assumed 'add_wp_sliding_login_form_pngfix_js' (this will throw an Error in a future version of PHP) in /opt/wordpress/apps/wordpress/htdocs/wp-content/plugins/wp-sliding-logindashboard-panel/wp-sliding-login-dashboard-panel.php on line 241, referer: http://localhost/wordpress/wp-admin/plugin-install.php?s=+WP+Sliding+Login&tab=search&type=term
[Tue May 14 15:01:59.496175 2019] [php7:warn] [pid 9744] [client ::1:43804] PHP Warning:  Use of undefined constant add_wp_sliding_login_form_js - assumed 'add_wp_sliding_login_form_js' (this will throw an Error in a future version of PHP) in /opt/wordpress/apps/wordpress/htdocs/wp-content/plugins/wp-sliding-logindashboard-panel/wp-sliding-login-dashboard-panel.php on line 242, referer: http://localhost/wordpress/wp-admin/plugin-install.php?s=+WP+Sliding+Login&tab=search&type=term
[Tue May 14 15:01:59.496181 2019] [php7:warn] [pid 9744] [client ::1:43804] PHP Warning:  Use of undefined constant add_wp_sliding_login_form - assumed 'add_wp_sliding_login_form' (this will throw an Error in a future version of PHP) in /opt/wordpress/apps/wordpress/htdocs/wp-content/plugins/wp-sliding-logindashboard-panel/wp-sliding-login-dashboard-panel.php on line 243, referer: http://localhost/wordpress/wp-admin/plugin-install.php?s=+WP+Sliding+Login&tab=search&type=term
[Tue May 14 15:01:59.697812 2019] [php7:warn] [pid 9612] [client ::1:43808] PHP Warning:  Use of undefined constant add_wp_sliding_login_form_css - assumed 'add_wp_sliding_login_form_css' (this will throw an Error in a future version of PHP) in /opt/wordpress/apps/wordpress/htdocs/wp-content/plugins/wp-sliding-logindashboard-panel/wp-sliding-login-dashboard-panel.php on line 239, referer: http://localhost/wordpress/wp-cron.php?doing_wp_cron=1557838919.5959649085998535156250
[Tue May 14 15:01:59.697844 2019] [php7:warn] [pid 9612] [client ::1:43808] PHP Warning:  Use of undefined constant add_jquery_js - assumed 'add_jquery_js' (this will throw an Error in a future version of PHP) in /opt/wordpress/apps/wordpress/htdocs/wp-content/plugins/wp-sliding-logindashboard-panel/wp-sliding-login-dashboard-panel.php on line 240, referer: http://localhost/wordpress/wp-cron.php?doing_wp_cron=1557838919.5959649085998535156250
[Tue May 14 15:01:59.697851 2019] [php7:warn] [pid 9612] [client ::1:43808] PHP Warning:  Use of undefined constant add_wp_sliding_login_form_pngfix_js - assumed 'add_wp_sliding_login_form_pngfix_js' (this will throw an Error in a future version of PHP) in /opt/wordpress/apps/wordpress/htdocs/wp-content/plugins/wp-sliding-logindashboard-panel/wp-sliding-login-dashboard-panel.php on line 241, referer: http://localhost/wordpress/wp-cron.php?doing_wp_cron=1557838919.5959649085998535156250
[Tue May 14 15:01:59.697857 2019] [php7:warn] [pid 9612] [client ::1:43808] PHP Warning:  Use of undefined constant add_wp_sliding_login_form_js - assumed 'add_wp_sliding_login_form_js' (this will throw an Error in a future version of PHP) in /opt/wordpress/apps/wordpress/htdocs/wp-content/plugins/wp-sliding-logindashboard-panel/wp-sliding-login-dashboard-panel.php on line 242, referer: http://localhost/wordpress/wp-cron.php?doing_wp_cron=1557838919.5959649085998535156250
[Tue May 14 15:01:59.697863 2019] [php7:warn] [pid 9612] [client ::1:43808] PHP Warning:  Use of undefined constant add_wp_sliding_login_form - assumed 'add_wp_sliding_login_form' (this will throw an Error in a future version of PHP) in /opt/wordpress/apps/wordpress/htdocs/wp-content/plugins/wp-sliding-logindashboard-panel/wp-sliding-login-dashboard-panel.php on line 243, referer: http://localhost/wordpress/wp-cron.php?doing_wp_cron=1557838919.5959649085998535156250
[Tue May 14 15:02:21.492120 2019] [php7:warn] [pid 9528] [client ::1:43822] PHP Warning:  Use of undefined constant add_wp_sliding_login_form_css - assumed 'add_wp_sliding_login_form_css' (this will throw an Error in a future version of PHP) in /opt/wordpress/apps/wordpress/htdocs/wp-content/plugins/wp-sliding-logindashboard-panel/wp-sliding-login-dashboard-panel.php on line 239, referer: http://localhost/
[Tue May 14 15:02:21.492150 2019] [php7:warn] [pid 9528] [client ::1:43822] PHP Warning:  Use of undefined constant add_jquery_js - assumed 'add_jquery_js' (this will throw an Error in a future version of PHP) in /opt/wordpress/apps/wordpress/htdocs/wp-content/plugins/wp-sliding-logindashboard-panel/wp-sliding-login-dashboard-panel.php on line 240, referer: http://localhost/
[Tue May 14 15:02:21.492156 2019] [php7:warn] [pid 9528] [client ::1:43822] PHP Warning:  Use of undefined constant add_wp_sliding_login_form_pngfix_js - assumed 'add_wp_sliding_login_form_pngfix_js' (this will throw an Error in a future version of PHP) in /opt/wordpress/apps/wordpress/htdocs/wp-content/plugins/wp-sliding-logindashboard-panel/wp-sliding-login-dashboard-panel.php on line 241, referer: http://localhost/
[Tue May 14 15:02:21.492162 2019] [php7:warn] [pid 9528] [client ::1:43822] PHP Warning:  Use of undefined constant add_wp_sliding_login_form_js - assumed 'add_wp_sliding_login_form_js' (this will throw an Error in a future version of PHP) in /opt/wordpress/apps/wordpress/htdocs/wp-content/plugins/wp-sliding-logindashboard-panel/wp-sliding-login-dashboard-panel.php on line 242, referer: http://localhost/
[Tue May 14 15:02:21.492167 2019] [php7:warn] [pid 9528] [client ::1:43822] PHP Warning:  Use of undefined constant add_wp_sliding_login_form - assumed 'add_wp_sliding_login_form' (this will throw an Error in a future version of PHP) in /opt/wordpress/apps/wordpress/htdocs/wp-content/plugins/wp-sliding-logindashboard-panel/wp-sliding-login-dashboard-panel.php on line 243, referer: http://localhost/
[Tue May 14 15:02:21.709216 2019] [php7:warn] [pid 9612] [client ::1:43830] PHP Warning:  Use of undefined constant add_wp_sliding_login_form_css - assumed 'add_wp_sliding_login_form_css' (this will throw an Error in a future version of PHP) in /opt/wordpress/apps/wordpress/htdocs/wp-content/plugins/wp-sliding-logindashboard-panel/wp-sliding-login-dashboard-panel.php on line 239, referer: http://localhost/wordpress/wp-cron.php?doing_wp_cron=1557838941.6075999736785888671875
[Tue May 14 15:02:21.709247 2019] [php7:warn] [pid 9612] [client ::1:43830] PHP Warning:  Use of undefined constant add_jquery_js - assumed 'add_jquery_js' (this will throw an Error in a future version of PHP) in /opt/wordpress/apps/wordpress/htdocs/wp-content/plugins/wp-sliding-logindashboard-panel/wp-sliding-login-dashboard-panel.php on line 240, referer: http://localhost/wordpress/wp-cron.php?doing_wp_cron=1557838941.6075999736785888671875
[Tue May 14 15:02:21.709254 2019] [php7:warn] [pid 9612] [client ::1:43830] PHP Warning:  Use of undefined constant add_wp_sliding_login_form_pngfix_js - assumed 'add_wp_sliding_login_form_pngfix_js' (this will throw an Error in a future version of PHP) in /opt/wordpress/apps/wordpress/htdocs/wp-content/plugins/wp-sliding-logindashboard-panel/wp-sliding-login-dashboard-panel.php on line 241, referer: http://localhost/wordpress/wp-cron.php?doing_wp_cron=1557838941.6075999736785888671875
[Tue May 14 15:02:21.709261 2019] [php7:warn] [pid 9612] [client ::1:43830] PHP Warning:  Use of undefined constant add_wp_sliding_login_form_js - assumed 'add_wp_sliding_login_form_js' (this will throw an Error in a future version of PHP) in /opt/wordpress/apps/wordpress/htdocs/wp-content/plugins/wp-sliding-logindashboard-panel/wp-sliding-login-dashboard-panel.php on line 242, referer: http://localhost/wordpress/wp-cron.php?doing_wp_cron=1557838941.6075999736785888671875
[Tue May 14 15:02:21.709267 2019] [php7:warn] [pid 9612] [client ::1:43830] PHP Warning:  Use of undefined constant add_wp_sliding_login_form - assumed 'add_wp_sliding_login_form' (this will throw an Error in a future version of PHP) in /opt/wordpress/apps/wordpress/htdocs/wp-content/plugins/wp-sliding-logindashboard-panel/wp-sliding-login-dashboard-panel.php on line 243, referer: http://localhost/wordpress/wp-cron.php?doing_wp_cron=1557838941.6075999736785888671875
[Tue May 14 15:02:22.890217 2019] [php7:warn] [pid 9604] [client ::1:43866] PHP Warning:  Use of undefined constant add_wp_sliding_login_form_css - assumed 'add_wp_sliding_login_form_css' (this will throw an Error in a future version of PHP) in /opt/wordpress/apps/wordpress/htdocs/wp-content/plugins/wp-sliding-logindashboard-panel/wp-sliding-login-dashboard-panel.php on line 239, referer: http://localhost/wordpress/
[Tue May 14 15:02:22.890270 2019] [php7:warn] [pid 9604] [client ::1:43866] PHP Warning:  Use of undefined constant add_jquery_js - assumed 'add_jquery_js' (this will throw an Error in a future version of PHP) in /opt/wordpress/apps/wordpress/htdocs/wp-content/plugins/wp-sliding-logindashboard-panel/wp-sliding-login-dashboard-panel.php on line 240, referer: http://localhost/wordpress/
[Tue May 14 15:02:22.890277 2019] [php7:warn] [pid 9604] [client ::1:43866] PHP Warning:  Use of undefined constant add_wp_sliding_login_form_pngfix_js - assumed 'add_wp_sliding_login_form_pngfix_js' (this will throw an Error in a future version of PHP) in /opt/wordpress/apps/wordpress/htdocs/wp-content/plugins/wp-sliding-logindashboard-panel/wp-sliding-login-dashboard-panel.php on line 241, referer: http://localhost/wordpress/
[Tue May 14 15:02:22.890282 2019] [php7:warn] [pid 9604] [client ::1:43866] PHP Warning:  Use of undefined constant add_wp_sliding_login_form_js - assumed 'add_wp_sliding_login_form_js' (this will throw an Error in a future version of PHP) in /opt/wordpress/apps/wordpress/htdocs/wp-content/plugins/wp-sliding-logindashboard-panel/wp-sliding-login-dashboard-panel.php on line 242, referer: http://localhost/wordpress/
[Tue May 14 15:02:22.890287 2019] [php7:warn] [pid 9604] [client ::1:43866] PHP Warning:  Use of undefined constant add_wp_sliding_login_form - assumed 'add_wp_sliding_login_form' (this will throw an Error in a future version of PHP) in /opt/wordpress/apps/wordpress/htdocs/wp-content/plugins/wp-sliding-logindashboard-panel/wp-sliding-login-dashboard-panel.php on line 243, referer: http://localhost/wordpress/
[Tue May 14 15:02:23.295851 2019] [php7:warn] [pid 9528] [client ::1:43882] PHP Warning:  Use of undefined constant add_wp_sliding_login_form_css - assumed 'add_wp_sliding_login_form_css' (this will throw an Error in a future version of PHP) in /opt/wordpress/apps/wordpress/htdocs/wp-content/plugins/wp-sliding-logindashboard-panel/wp-sliding-login-dashboard-panel.php on line 239, referer: http://localhost/wordpress/wp-cron.php?doing_wp_cron=1557838943.2088809013366699218750
[Tue May 14 15:02:23.295934 2019] [php7:warn] [pid 9528] [client ::1:43882] PHP Warning:  Use of undefined constant add_jquery_js - assumed 'add_jquery_js' (this will throw an Error in a future version of PHP) in /opt/wordpress/apps/wordpress/htdocs/wp-content/plugins/wp-sliding-logindashboard-panel/wp-sliding-login-dashboard-panel.php on line 240, referer: http://localhost/wordpress/wp-cron.php?doing_wp_cron=1557838943.2088809013366699218750
[Tue May 14 15:02:23.295959 2019] [php7:warn] [pid 9528] [client ::1:43882] PHP Warning:  Use of undefined constant add_wp_sliding_login_form_pngfix_js - assumed 'add_wp_sliding_login_form_pngfix_js' (this will throw an Error in a future version of PHP) in /opt/wordpress/apps/wordpress/htdocs/wp-content/plugins/wp-sliding-logindashboard-panel/wp-sliding-login-dashboard-panel.php on line 241, referer: http://localhost/wordpress/wp-cron.php?doing_wp_cron=1557838943.2088809013366699218750
[Tue May 14 15:02:23.295976 2019] [php7:warn] [pid 9528] [client ::1:43882] PHP Warning:  Use of undefined constant add_wp_sliding_login_form_js - assumed 'add_wp_sliding_login_form_js' (this will throw an Error in a future version of PHP) in /opt/wordpress/apps/wordpress/htdocs/wp-content/plugins/wp-sliding-logindashboard-panel/wp-sliding-login-dashboard-panel.php on line 242, referer: http://localhost/wordpress/wp-cron.php?doing_wp_cron=1557838943.2088809013366699218750
[Tue May 14 15:02:23.296014 2019] [php7:warn] [pid 9528] [client ::1:43882] PHP Warning:  Use of undefined constant add_wp_sliding_login_form - assumed 'add_wp_sliding_login_form' (this will throw an Error in a future version of PHP) in /opt/wordpress/apps/wordpress/htdocs/wp-content/plugins/wp-sliding-logindashboard-panel/wp-sliding-login-dashboard-panel.php on line 243, referer: http://localhost/wordpress/wp-cron.php?doing_wp_cron=1557838943.2088809013366699218750
[Tue May 14 15:02:28.699609 2019] [php7:warn] [pid 9744] [client ::1:43884] PHP Warning:  Use of undefined constant add_wp_sliding_login_form_css - assumed 'add_wp_sliding_login_form_css' (this will throw an Error in a future version of PHP) in /opt/wordpress/apps/wordpress/htdocs/wp-content/plugins/wp-sliding-logindashboard-panel/wp-sliding-login-dashboard-panel.php on line 239, referer: http://localhost/wordpress/wp-admin/plugin-install.php?s=+WP+Sliding+Login&tab=search&type=term
[Tue May 14 15:02:28.699640 2019] [php7:warn] [pid 9744] [client ::1:43884] PHP Warning:  Use of undefined constant add_jquery_js - assumed 'add_jquery_js' (this will throw an Error in a future version of PHP) in /opt/wordpress/apps/wordpress/htdocs/wp-content/plugins/wp-sliding-logindashboard-panel/wp-sliding-login-dashboard-panel.php on line 240, referer: http://localhost/wordpress/wp-admin/plugin-install.php?s=+WP+Sliding+Login&tab=search&type=term
[Tue May 14 15:02:28.699648 2019] [php7:warn] [pid 9744] [client ::1:43884] PHP Warning:  Use of undefined constant add_wp_sliding_login_form_pngfix_js - assumed 'add_wp_sliding_login_form_pngfix_js' (this will throw an Error in a future version of PHP) in /opt/wordpress/apps/wordpress/htdocs/wp-content/plugins/wp-sliding-logindashboard-panel/wp-sliding-login-dashboard-panel.php on line 241, referer: http://localhost/wordpress/wp-admin/plugin-install.php?s=+WP+Sliding+Login&tab=search&type=term
[Tue May 14 15:02:28.699654 2019] [php7:warn] [pid 9744] [client ::1:43884] PHP Warning:  Use of undefined constant add_wp_sliding_login_form_js - assumed 'add_wp_sliding_login_form_js' (this will throw an Error in a future version of PHP) in /opt/wordpress/apps/wordpress/htdocs/wp-content/plugins/wp-sliding-logindashboard-panel/wp-sliding-login-dashboard-panel.php on line 242, referer: http://localhost/wordpress/wp-admin/plugin-install.php?s=+WP+Sliding+Login&tab=search&type=term
[Tue May 14 15:02:28.699660 2019] [php7:warn] [pid 9744] [client ::1:43884] PHP Warning:  Use of undefined constant add_wp_sliding_login_form - assumed 'add_wp_sliding_login_form' (this will throw an Error in a future version of PHP) in /opt/wordpress/apps/wordpress/htdocs/wp-content/plugins/wp-sliding-logindashboard-panel/wp-sliding-login-dashboard-panel.php on line 243, referer: http://localhost/wordpress/wp-admin/plugin-install.php?s=+WP+Sliding+Login&tab=search&type=term
[Tue May 14 15:02:36.781137 2019] [php7:warn] [pid 9533] [client ::1:43906] PHP Warning:  Use of undefined constant add_wp_sliding_login_form_css - assumed 'add_wp_sliding_login_form_css' (this will throw an Error in a future version of PHP) in /opt/wordpress/apps/wordpress/htdocs/wp-content/plugins/wp-sliding-logindashboard-panel/wp-sliding-login-dashboard-panel.php on line 239, referer: http://localhost/wordpress/wp-admin/plugins.php?charsout=1650&plugin=wp-sliding-logindashboard-panel%2Fwp-sliding-login-dashboard-panel.php&plugin_status=all&paged=1&s
[Tue May 14 15:02:36.781169 2019] [php7:warn] [pid 9533] [client ::1:43906] PHP Warning:  Use of undefined constant add_jquery_js - assumed 'add_jquery_js' (this will throw an Error in a future version of PHP) in /opt/wordpress/apps/wordpress/htdocs/wp-content/plugins/wp-sliding-logindashboard-panel/wp-sliding-login-dashboard-panel.php on line 240, referer: http://localhost/wordpress/wp-admin/plugins.php?charsout=1650&plugin=wp-sliding-logindashboard-panel%2Fwp-sliding-login-dashboard-panel.php&plugin_status=all&paged=1&s
[Tue May 14 15:02:36.781187 2019] [php7:warn] [pid 9533] [client ::1:43906] PHP Warning:  Use of undefined constant add_wp_sliding_login_form_pngfix_js - assumed 'add_wp_sliding_login_form_pngfix_js' (this will throw an Error in a future version of PHP) in /opt/wordpress/apps/wordpress/htdocs/wp-content/plugins/wp-sliding-logindashboard-panel/wp-sliding-login-dashboard-panel.php on line 241, referer: http://localhost/wordpress/wp-admin/plugins.php?charsout=1650&plugin=wp-sliding-logindashboard-panel%2Fwp-sliding-login-dashboard-panel.php&plugin_status=all&paged=1&s
[Tue May 14 15:02:36.781194 2019] [php7:warn] [pid 9533] [client ::1:43906] PHP Warning:  Use of undefined constant add_wp_sliding_login_form_js - assumed 'add_wp_sliding_login_form_js' (this will throw an Error in a future version of PHP) in /opt/wordpress/apps/wordpress/htdocs/wp-content/plugins/wp-sliding-logindashboard-panel/wp-sliding-login-dashboard-panel.php on line 242, referer: http://localhost/wordpress/wp-admin/plugins.php?charsout=1650&plugin=wp-sliding-logindashboard-panel%2Fwp-sliding-login-dashboard-panel.php&plugin_status=all&paged=1&s
[Tue May 14 15:02:36.781200 2019] [php7:warn] [pid 9533] [client ::1:43906] PHP Warning:  Use of undefined constant add_wp_sliding_login_form - assumed 'add_wp_sliding_login_form' (this will throw an Error in a future version of PHP) in /opt/wordpress/apps/wordpress/htdocs/wp-content/plugins/wp-sliding-logindashboard-panel/wp-sliding-login-dashboard-panel.php on line 243, referer: http://localhost/wordpress/wp-admin/plugins.php?charsout=1650&plugin=wp-sliding-logindashboard-panel%2Fwp-sliding-login-dashboard-panel.php&plugin_status=all&paged=1&s
[Tue May 14 15:02:37.047053 2019] [php7:warn] [pid 9604] [client ::1:43908] PHP Warning:  Use of undefined constant add_wp_sliding_login_form_css - assumed 'add_wp_sliding_login_form_css' (this will throw an Error in a future version of PHP) in /opt/wordpress/apps/wordpress/htdocs/wp-content/plugins/wp-sliding-logindashboard-panel/wp-sliding-login-dashboard-panel.php on line 239, referer: http://localhost/wordpress/wp-cron.php?doing_wp_cron=1557838956.9642989635467529296875
[Tue May 14 15:02:37.047084 2019] [php7:warn] [pid 9604] [client ::1:43908] PHP Warning:  Use of undefined constant add_jquery_js - assumed 'add_jquery_js' (this will throw an Error in a future version of PHP) in /opt/wordpress/apps/wordpress/htdocs/wp-content/plugins/wp-sliding-logindashboard-panel/wp-sliding-login-dashboard-panel.php on line 240, referer: http://localhost/wordpress/wp-cron.php?doing_wp_cron=1557838956.9642989635467529296875
[Tue May 14 15:02:37.047091 2019] [php7:warn] [pid 9604] [client ::1:43908] PHP Warning:  Use of undefined constant add_wp_sliding_login_form_pngfix_js - assumed 'add_wp_sliding_login_form_pngfix_js' (this will throw an Error in a future version of PHP) in /opt/wordpress/apps/wordpress/htdocs/wp-content/plugins/wp-sliding-logindashboard-panel/wp-sliding-login-dashboard-panel.php on line 241, referer: http://localhost/wordpress/wp-cron.php?doing_wp_cron=1557838956.9642989635467529296875
[Tue May 14 15:02:37.047098 2019] [php7:warn] [pid 9604] [client ::1:43908] PHP Warning:  Use of undefined constant add_wp_sliding_login_form_js - assumed 'add_wp_sliding_login_form_js' (this will throw an Error in a future version of PHP) in /opt/wordpress/apps/wordpress/htdocs/wp-content/plugins/wp-sliding-logindashboard-panel/wp-sliding-login-dashboard-panel.php on line 242, referer: http://localhost/wordpress/wp-cron.php?doing_wp_cron=1557838956.9642989635467529296875
[Tue May 14 15:02:37.047103 2019] [php7:warn] [pid 9604] [client ::1:43908] PHP Warning:  Use of undefined constant add_wp_sliding_login_form - assumed 'add_wp_sliding_login_form' (this will throw an Error in a future version of PHP) in /opt/wordpress/apps/wordpress/htdocs/wp-content/plugins/wp-sliding-logindashboard-panel/wp-sliding-login-dashboard-panel.php on line 243, referer: http://localhost/wordpress/wp-cron.php?doing_wp_cron=1557838956.9642989635467529296875
[Tue May 14 15:03:02.919994 2019] [php7:warn] [pid 9603] [client ::1:43916] PHP Warning:  Use of undefined constant add_wp_sliding_login_form_css - assumed 'add_wp_sliding_login_form_css' (this will throw an Error in a future version of PHP) in /opt/wordpress/apps/wordpress/htdocs/wp-content/plugins/wp-sliding-logindashboard-panel/wp-sliding-login-dashboard-panel.php on line 239, referer: http://localhost/wordpress/wp-admin/plugins.php
[Tue May 14 15:03:02.920024 2019] [php7:warn] [pid 9603] [client ::1:43916] PHP Warning:  Use of undefined constant add_jquery_js - assumed 'add_jquery_js' (this will throw an Error in a future version of PHP) in /opt/wordpress/apps/wordpress/htdocs/wp-content/plugins/wp-sliding-logindashboard-panel/wp-sliding-login-dashboard-panel.php on line 240, referer: http://localhost/wordpress/wp-admin/plugins.php
[Tue May 14 15:03:02.920031 2019] [php7:warn] [pid 9603] [client ::1:43916] PHP Warning:  Use of undefined constant add_wp_sliding_login_form_pngfix_js - assumed 'add_wp_sliding_login_form_pngfix_js' (this will throw an Error in a future version of PHP) in /opt/wordpress/apps/wordpress/htdocs/wp-content/plugins/wp-sliding-logindashboard-panel/wp-sliding-login-dashboard-panel.php on line 241, referer: http://localhost/wordpress/wp-admin/plugins.php
[Tue May 14 15:03:02.920037 2019] [php7:warn] [pid 9603] [client ::1:43916] PHP Warning:  Use of undefined constant add_wp_sliding_login_form_js - assumed 'add_wp_sliding_login_form_js' (this will throw an Error in a future version of PHP) in /opt/wordpress/apps/wordpress/htdocs/wp-content/plugins/wp-sliding-logindashboard-panel/wp-sliding-login-dashboard-panel.php on line 242, referer: http://localhost/wordpress/wp-admin/plugins.php
[Tue May 14 15:03:02.920042 2019] [php7:warn] [pid 9603] [client ::1:43916] PHP Warning:  Use of undefined constant add_wp_sliding_login_form - assumed 'add_wp_sliding_login_form' (this will throw an Error in a future version of PHP) in /opt/wordpress/apps/wordpress/htdocs/wp-content/plugins/wp-sliding-logindashboard-panel/wp-sliding-login-dashboard-panel.php on line 243, referer: http://localhost/wordpress/wp-admin/plugins.php
[Tue May 14 15:04:38.312186 2019] [php7:notice] [pid 9744] [client ::1:44042] PHP Notice:  Undefined index: log in /opt/wordpress/apps/wordpress/htdocs/wp-content/plugins/pagerestrict/pagerestrict.php on line 177, referer: http://localhost/wordpress/
[Tue May 14 15:07:03.287742 2019] [php7:notice] [pid 9702] [client ::1:44182] Post ID 640 is not supported by WPGHS. See wiki to find out how to add support., referer: http://localhost/wordpress/wp-admin/edit.php?post_type=page
[Tue May 14 15:07:10.205824 2019] [php7:notice] [pid 9623] [client ::1:44296] Post ID 641 is not supported by WPGHS. See wiki to find out how to add support., referer: http://localhost/wordpress/wp-admin/edit.php?post_type=page
[Tue May 14 15:08:28.597619 2019] [php7:notice] [pid 9533] [client ::1:44406] PHP Notice:  Array to string conversion in /opt/wordpress/apps/wordpress/htdocs/wp-includes/formatting.php on line 1111, referer: http://localhost/wordpress/
[Tue May 14 15:09:59.728304 2019] [php7:warn] [pid 9612] [client ::1:44542] PHP Warning:  Invalid argument supplied for foreach() in /opt/wordpress/apps/wordpress/htdocs/wp-content/plugins/wp-admin-ui/inc/admin/admin.php on line 3661, referer: http://localhost/wordpress/wp-admin/about.php
[Tue May 14 15:11:47.252751 2019] [php7:notice] [pid 9533] [client ::1:44720] PHP Notice:  Undefined index: log in /opt/wordpress/apps/wordpress/htdocs/wp-content/plugins/pagerestrict/pagerestrict.php on line 177, referer: http://localhost/wordpress/
[Tue May 14 15:12:26.012705 2019] [php7:notice] [pid 9744] [client ::1:44818] Post ID 642 is not supported by WPGHS. See wiki to find out how to add support., referer: http://localhost/wordpress/wp-admin/post.php?post=635&action=edit
[Tue May 14 15:12:26.161995 2019] [php7:notice] [pid 9744] [client ::1:44818] WordPress-GitHub-Sync needs a repository. Please update your settings., referer: http://localhost/wordpress/wp-admin/post.php?post=635&action=edit
[Tue May 14 15:12:27.127213 2019] [php7:notice] [pid 9533] [client ::1:44820] WordPress-GitHub-Sync needs a repository. Please update your settings., referer: http://localhost/wordpress/wp-admin/post.php?post=635&action=edit
sh: 1: /usr/bin/sendmail: not found
sh: 1: /usr/bin/sendmail: not found
